[SQLite] Connecting to database at: C:\Users\adalamr\OneDrive - Baxter\Database\aitas.db
[SQLite] Database connected successfully
[SQLite] Initializing database tables...
[SQLite] Database tables initialized successfully

Database path: C:\Users\adalamr\OneDrive - Baxter\Database\aitas.db
SQLite version: 3.51.2
Tables: api_mocks, auth_users, cicd_webhooks, environments, generated_scripts, mobile_devices, performance_metrics, platform_settings, projects, requirements, roles, team_memberships, test_agents, test_cases, test_data_pools, test_executions, test_reports, test_results, test_suites, user_roles, users, visual_baselines, visual_comparisons
Auth users count: 1
Test suites count: 0

Γ£à SQLite database is working correctly!
